<?xml version="1.0" encoding="utf-8"?><testsuite errors="0" failures="0" name="pytest" skips="0" tests="9" time="12.969"><testcase classname="test_Me" file="test_Me.py" line="60" name="test_MeGet" time="0.6217215061187744"></testcase><testcase classname="test_Me" file="test_Me.py" line="72" name="test_MeProduct" time="1.2995965480804443"></testcase><testcase classname="test_Me" file="test_Me.py" line="104" name="test_MeProductFilter[catalogID-smokebuyer01]" time="1.3530080318450928"><system-out>{&apos;catalogID&apos;: &apos;smokebuyer01&apos;}
</system-out></testcase><testcase classname="test_Me" file="test_Me.py" line="104" name="test_MeProductFilter[search-*w*]" time="1.5172557830810547"><system-out>{&apos;search&apos;: &apos;*w*&apos;}
</system-out></testcase><testcase classname="test_Me" file="test_Me.py" line="104" name="test_MeProductFilter[sortBy-name]" time="1.3208796977996826"><system-out>{&apos;sortBy&apos;: &apos;name&apos;}
</system-out></testcase><testcase classname="test_Me" file="test_Me.py" line="104" name="test_MeProductFilter[page-5]" time="1.283965826034546"><system-out>{&apos;page&apos;: &apos;5&apos;}
</system-out></testcase><testcase classname="test_Me" file="test_Me.py" line="104" name="test_MeProductFilter[pageSize-100]" time="1.6021530628204346"><system-out>{&apos;pageSize&apos;: &apos;100&apos;}
</system-out></testcase><testcase classname="test_env" file="test_env.py" line="17" name="test_env" time="2.4891104698181152"></testcase><testcase classname="test_env" file="test_env.py" line="24" name="test_endpointAccessShouldFailWithoutAuth" time="1.1578176021575928"></testcase></testsuite>