<?xml version="1.0" encoding="utf-8"?><testsuite errors="0" failures="0" name="pytest" skips="0" tests="20" time="17.932"><testcase classname="test_base" file="test_base.py" line="23" name="test_api_env_vars" time="0.7944796085357666"></testcase><testcase classname="auth.test_auth" file="auth\test_auth.py" line="29" name="test_usernamePasswordGrant" time="0.5481696128845215"></testcase><testcase classname="auth.test_auth" file="auth\test_auth.py" line="48" name="test_anonGrant" time="0.5883116722106934"></testcase><testcase classname="auth.test_auth" file="auth\test_auth.py" line="67" name="test_clientCredentialsGrant" time="0.5259737968444824"></testcase><testcase classname="auth.test_auth" file="auth\test_auth.py" line="142" name="test_anonOrderNotFound" time="1.3637313842773438"></testcase><testcase classname="integrations.test_messageSenders" file="integrations\test_messageSenders.py" line="32" name="test_ForgottenPassword" time="4.015468120574951"></testcase><testcase classname="me.test_me" file="me\test_me.py" line="89" name="test_meAddressesCreate" time="0.7830870151519775"></testcase><testcase classname="me.test_me" file="me\test_me.py" line="133" name="test_meAddressesDelete" time="0.8063418865203857"></testcase><testcase classname="me.test_me" file="me\test_me.py" line="181" name="test_me_gets[]" time="0.6193432807922363"></testcase><testcase classname="me.test_me" file="me\test_me.py" line="181" name="test_me_gets[products]" time="0.7166779041290283"></testcase><testcase classname="me.test_me" file="me\test_me.py" line="181" name="test_me_gets[costcenters]" time="0.596876859664917"></testcase><testcase classname="me.test_me" file="me\test_me.py" line="181" name="test_me_gets[usergroups]" time="0.6298036575317383"></testcase><testcase classname="me.test_me" file="me\test_me.py" line="181" name="test_me_gets[addresses]" time="0.5973474979400635"></testcase><testcase classname="me.test_me" file="me\test_me.py" line="181" name="test_me_gets[creditcards]" time="0.6034467220306396"></testcase><testcase classname="me.test_me" file="me\test_me.py" line="181" name="test_me_gets[categories]" time="0.6928596496582031"></testcase><testcase classname="me.test_me" file="me\test_me.py" line="181" name="test_me_gets[orders]" time="0.6157729625701904"></testcase><testcase classname="me.test_me" file="me\test_me.py" line="181" name="test_me_gets[promotions]" time="0.6201515197753906"></testcase><testcase classname="me.test_me" file="me\test_me.py" line="181" name="test_me_gets[spendingAccounts]" time="0.6124176979064941"></testcase><testcase classname="me.test_me" file="me\test_me.py" line="181" name="test_me_gets[shipments]" time="0.5989015102386475"></testcase><testcase classname="me.test_me" file="me\test_me.py" line="181" name="test_me_gets[catalogs]" time="0.6179096698760986"></testcase></testsuite>